// Jest Snapshot v1, https://goo.gl/fbAQLP

exports[`Row snapshot 1`] = `ShallowWrapper {}`;
